bounds/n10_b199.5.json: OK
bounds/n12_b113.8.json: OK
bounds/n12_b56.9.json: OK
bounds/n16_b45.4.json: OK
bounds/n16_b90.8.json: OK
bounds/n20_b199.5.json: OK
bounds/n32_b36.0.json: OK
bounds/n32_b72.0.json: OK
bounds/n4_b1424.8.json: OK
bounds/n4_b530.json: OK
bounds/n4_b540.json: OK
bounds/n4_b550.json: OK
bounds/n4_b560.json: OK
bounds/n4_b709.8.json: OK
bounds/n4_b712.4.json: OK
bounds/n5_b180.0.json: OK
bounds/n5_b360.0.json: OK
bounds/n64_b199.5.json: OK
bounds/n6_b114.9.json: OK
bounds/n6_b229.8.json: OK
bounds/n7_b199.5.json: OK
bounds/n8_b154.8.json: OK
bounds/n8_b77.4.json: OK
bounds/n9_b199.5.json: OK
oneshot/oneshot_n12.json: OK
oneshot/oneshot_n16.json: OK
oneshot/oneshot_n32.json: OK
oneshot/oneshot_n4.json: OK
oneshot/oneshot_n5.json: OK
oneshot/oneshot_n6.json: OK
oneshot/oneshot_n64.json: OK
oneshot/oneshot_n7.json: OK
oneshot/oneshot_n8.json: OK
thresholds/n12_order_imbalance.json: OK
thresholds/n12_pole.json: OK
thresholds/n16_imbalance.json: OK
thresholds/n16_order.json: OK
thresholds/n16_pole.json: OK
thresholds/n32_imbalance.json: OK
thresholds/n32_order.json: OK
thresholds/n32_pole.json: OK
thresholds/n4_order_imbalance.json: OK
thresholds/n4_pole.json: OK
thresholds/n5_imbalance.json: OK
thresholds/n5_order.json: OK
thresholds/n5_pole.json: OK
thresholds/n64_imbalance.json: OK
thresholds/n64_order.json: OK
thresholds/n64_pole.json: OK
thresholds/n6_order_imbalance.json: OK
thresholds/n6_pole.json: OK
thresholds/n7_order_imbalance.json: OK
thresholds/n7_pole.json: OK
thresholds/n8_order_imbalance.json: OK
thresholds/n8_pole.json: OK
partI/inputs/SHA256SUMS.txt: 55/55 OK
