PASS bounds/n10_b199.5.json: n=10 beta=399/2 K=34 claims=bounds pole>=0.996000 EA>=0.974073 EQ2>=0.941043 ED2>=0.936300 (0.03s)
PASS bounds/n12_b113.8.json: n=12 beta=569/5 K=30 claims=bounds pole>=0.992988 EA>=0.953875 EQ2>=0.896551 ED2>=0.888053 (0.02s)
PASS bounds/n12_b56.9.json: n=12 beta=569/10 K=32 claims=bounds pole>=0.985977 EA>=0.847902 EQ2>=0.695356 ED2>=0.659965 (0.03s)
PASS bounds/n16_b45.4.json: n=16 beta=227/5 K=28 claims=bounds pole>=0.982425 EA>=0.804498 EQ2>=0.619248 ED2>=0.575237 (0.02s)
PASS bounds/n16_b90.8.json: n=16 beta=454/5 K=24 claims=bounds pole>=0.991212 EA>=0.947152 EQ2>=0.880528 ED2>=0.871702 (0.02s)
PASS bounds/n20_b199.5.json: n=20 beta=399/2 K=21 claims=bounds pole>=0.996000 EA>=0.982684 EQ2>=0.957824 ED2>=0.956322 (0.02s)
PASS bounds/n32_b36.0.json: n=32 beta=36 K=19 claims=bounds pole>=0.977836 EA>=0.856293 EQ2>=0.695772 ED2>=0.670673 (0.02s)
PASS bounds/n32_b72.0.json: n=32 beta=72 K=17 claims=bounds pole>=0.988918 EA>=0.944440 EQ2>=0.871158 ED2>=0.864033 (0.02s)
PASS bounds/n4_b1424.8.json: n=4 beta=7124/5 K=392 claims=bounds pole>=0.999440 EA>=0.964008 EQ2>=0.928232 ED2>=0.915566 (0.28s)
PASS bounds/n4_b530.json: n=4 beta=530 K=465 claims=bounds pole>=0.998494 EA>=0.658577 EQ2>=0.431743 ED2>=0.350110 (0.33s)
PASS bounds/n4_b540.json: n=4 beta=540 K=449 claims=bounds pole>=0.998522 EA>=0.717928 EQ2>=0.513301 ED2>=0.439085 (0.32s)
PASS bounds/n4_b550.json: n=4 beta=550 K=441 claims=bounds pole>=0.998549 EA>=0.751997 EQ2>=0.563320 ED2>=0.494700 (0.31s)
PASS bounds/n4_b560.json: n=4 beta=560 K=435 claims=bounds pole>=0.998575 EA>=0.775708 EQ2>=0.599514 ED2>=0.535360 (0.30s)
PASS bounds/n4_b709.8.json: n=4 beta=3549/5 K=408 claims=bounds pole>=0.998875 EA>=0.890883 EQ2>=0.791672 ED2>=0.755770 (0.28s)
PASS bounds/n4_b712.4.json: n=4 beta=3562/5 K=408 claims=bounds pole>=0.998880 EA>=0.891741 EQ2>=0.793206 ED2>=0.757554 (0.29s)
PASS bounds/n5_b180.0.json: n=5 beta=180 K=116 claims=bounds pole>=0.995567 EA>=0.868008 EQ2>=0.745762 ED2>=0.706679 (0.08s)
PASS bounds/n5_b360.0.json: n=5 beta=360 K=111 claims=bounds pole>=0.997783 EA>=0.956866 EQ2>=0.911357 ED2>=0.898170 (0.08s)
PASS bounds/n64_b199.5.json: n=64 beta=399/2 K=12 claims=bounds pole>=0.996000 EA>=0.986808 EQ2>=0.965913 ED2>=0.965986 (0.02s)
PASS bounds/n6_b114.9.json: n=6 beta=1149/10 K=74 claims=bounds pole>=0.993055 EA>=0.861358 EQ2>=0.730023 ED2>=0.691580 (0.06s)
PASS bounds/n6_b229.8.json: n=6 beta=1149/5 K=70 claims=bounds pole>=0.996527 EA>=0.955157 EQ2>=0.905705 ED2>=0.893426 (0.05s)
PASS bounds/n7_b199.5.json: n=7 beta=399/2 K=53 claims=bounds pole>=0.996000 EA>=0.960198 EQ2>=0.914316 ED2>=0.904481 (0.04s)
PASS bounds/n8_b154.8.json: n=8 beta=774/5 K=45 claims=bounds pole>=0.994845 EA>=0.954383 EQ2>=0.901035 ED2>=0.890500 (0.03s)
PASS bounds/n8_b77.4.json: n=8 beta=387/5 K=48 claims=bounds pole>=0.989691 EA>=0.855868 EQ2>=0.714970 ED2>=0.678282 (0.04s)
PASS bounds/n9_b199.5.json: n=9 beta=399/2 K=38 claims=bounds pole>=0.996000 EA>=0.971334 EQ2>=0.935737 ED2>=0.929976 (0.03s)
PASS oneshot/oneshot_n12.json: n=12 beta=44 K=0 claims=pole pole>=0.981866 EA>=-3.887143 EQ2>=0.000000 ED2>=-0.012570 (0.00s)
PASS oneshot/oneshot_n16.json: n=16 beta=36 K=0 claims=pole pole>=0.977836 EA>=-14.619072 EQ2>=0.000000 ED2>=-0.015363 (0.00s)
PASS oneshot/oneshot_n32.json: n=32 beta=63/5 K=0 claims=pole pole>=0.936675 EA>=-97.482421 EQ2>=0.000000 ED2>=-0.043894 (0.00s)
PASS oneshot/oneshot_n4.json: n=4 beta=525 K=0 claims=pole pole>=0.998480 EA>=-8.100489 EQ2>=0.000000 ED2>=-0.001054 (0.00s)
PASS oneshot/oneshot_n5.json: n=5 beta=135 K=0 claims=pole pole>=0.994089 EA>=-3.762497 EQ2>=0.000000 ED2>=-0.004097 (0.00s)
PASS oneshot/oneshot_n6.json: n=6 beta=86 K=0 claims=pole pole>=0.990722 EA>=-5.900505 EQ2>=0.000000 ED2>=-0.006431 (0.00s)
PASS oneshot/oneshot_n64.json: n=64 beta=47/5 K=0 claims=pole pole>=0.915118 EA>=-52.451752 EQ2>=0.000000 ED2>=-0.058836 (0.00s)
PASS oneshot/oneshot_n7.json: n=7 beta=68 K=0 claims=pole pole>=0.988266 EA>=-5.582664 EQ2>=0.000000 ED2>=-0.008134 (0.00s)
PASS oneshot/oneshot_n8.json: n=8 beta=59 K=0 claims=pole pole>=0.986476 EA>=-3.861934 EQ2>=0.000000 ED2>=-0.009374 (0.00s)
PASS thresholds/n12_order_imbalance.json: n=12 beta=431/10 K=46 claims=order,imbalance pole>=0.981487 EA>=0.266019 EQ2>=0.061259 ED2>=0.002243 (0.04s)
PASS thresholds/n12_pole.json: n=12 beta=43 K=0 claims=pole pole>=0.981444 EA>=-847.957233 EQ2>=0.000000 ED2>=-0.012862 (0.00s)
PASS thresholds/n16_imbalance.json: n=16 beta=36 K=38 claims=imbalance pole>=0.977836 EA>=0.290551 EQ2>=0.072032 ED2>=0.007699 (0.03s)
PASS thresholds/n16_order.json: n=16 beta=179/5 K=41 claims=order pole>=0.977712 EA>=0.149216 EQ2>=0.016111 ED2>=-0.015449 (0.03s)
PASS thresholds/n16_pole.json: n=16 beta=357/10 K=0 claims=pole pole>=0.977650 EA>=-92.681876 EQ2>=0.000000 ED2>=-0.015492 (0.00s)
PASS thresholds/n32_imbalance.json: n=32 beta=74/5 K=24 claims=imbalance pole>=0.946088 EA>=0.332456 EQ2>=0.077587 ED2>=0.002781 (0.02s)
PASS thresholds/n32_order.json: n=32 beta=27/2 K=26 claims=order pole>=0.940897 EA>=0.066045 EQ2>=0.000048 ED2>=-0.040967 (0.03s)
PASS thresholds/n32_pole.json: n=32 beta=25/2 K=0 claims=pole pole>=0.936169 EA>=-111.420879 EQ2>=0.000000 ED2>=-0.044245 (0.00s)
PASS thresholds/n4_order_imbalance.json: n=4 beta=520 K=592 claims=order,imbalance pole>=0.998465 EA>=0.206801 EQ2>=0.042134 ED2>=0.001794 (0.42s)
PASS thresholds/n4_pole.json: n=4 beta=520 K=0 claims=pole pole>=0.998465 EA>=-751.653789 EQ2>=0.000000 ED2>=-0.001064 (0.00s)
PASS thresholds/n5_imbalance.json: n=5 beta=1323/10 K=156 claims=imbalance pole>=0.993969 EA>=0.281856 EQ2>=0.076079 ED2>=0.016177 (0.11s)
PASS thresholds/n5_order.json: n=5 beta=661/5 K=165 claims=order pole>=0.993964 EA>=0.169468 EQ2>=0.026710 ED2>=-0.004112 (0.12s)
PASS thresholds/n5_pole.json: n=5 beta=661/5 K=0 claims=pole pole>=0.993964 EA>=-245.408536 EQ2>=0.000000 ED2>=-0.004184 (0.00s)
PASS thresholds/n64_imbalance.json: n=64 beta=54/5 K=17 claims=imbalance pole>=0.926121 EA>=0.369614 EQ2>=0.087460 ED2>=0.008165 (0.03s)
PASS thresholds/n64_order.json: n=64 beta=99/10 K=19 claims=order pole>=0.919405 EA>=0.115011 EQ2>=0.001184 ED2>=-0.055864 (0.03s)
PASS thresholds/n64_pole.json: n=64 beta=93/10 K=0 claims=pole pole>=0.914205 EA>=-26.934351 EQ2>=0.000000 ED2>=-0.059468 (0.00s)
PASS thresholds/n6_order_imbalance.json: n=6 beta=424/5 K=101 claims=order,imbalance pole>=0.990590 EA>=0.256618 EQ2>=0.061112 ED2>=0.006084 (0.07s)
PASS thresholds/n6_pole.json: n=6 beta=847/10 K=0 claims=pole pole>=0.990579 EA>=-988.402847 EQ2>=0.000000 ED2>=-0.006530 (0.00s)
PASS thresholds/n7_order_imbalance.json: n=7 beta=67 K=79 claims=order,imbalance pole>=0.988091 EA>=0.243050 EQ2>=0.053426 ED2>=0.000936 (0.06s)
PASS thresholds/n7_pole.json: n=7 beta=67 K=0 claims=pole pole>=0.988091 EA>=-80.718413 EQ2>=0.000000 ED2>=-0.008255 (0.00s)
PASS thresholds/n8_order_imbalance.json: n=8 beta=289/5 K=66 claims=order,imbalance pole>=0.986195 EA>=0.270242 EQ2>=0.065760 ED2>=0.006867 (0.05s)
PASS thresholds/n8_pole.json: n=8 beta=289/5 K=0 claims=pole pole>=0.986195 EA>=-59.698534 EQ2>=0.000000 ED2>=-0.009569 (0.00s)
ALL PART I CHECKS PASSED (55 certificates, 3.8s)
