family ok {"F1_valid_laws": true, "F2_min2_min_knot_slack": "0", "F3_conv_min_knot_slack": "0", "C1_min_s": "0", "C2_min_margin": "156749176681959195951641/223332256476093743104000000", "C2_min_margin_over_eps0": "156749176681959195951641/319046080680133918720000", "C2_argmin_t": "331/500", "n_intervals": 3225, "f_c": "15307083823375/17592186044416", "time_s": 0.2194535732269287, "C2_min_margin_over_eps0_float": 0.49130575855313907}
{"level": 0, "gauss_worst_upper": 0.0, "e": 7, "median_bin": 324, "atom": 0.0, "phi_upper": 0.23798191257818507, "coarsen": 0, "t_branch_bounds": 5.348599433898926, "Omax": 1536, "t_conv": 0.07706451416015625, "t_level": 10.328034400939941}
{"level": 10, "e": 6, "median_bin": 163, "atom": 1.8275994051464295e-07, "phi_upper": 0.2379369763388413, "coarsen": 0, "t_branch_bounds": 0.8156158924102783, "Omax": 768, "t_conv": 0.051236867904663086, "t_level": 0.8768618106842041}
{"level": 20, "e": 6, "median_bin": 164, "atom": 1.7746344482816312e-07, "phi_upper": 0.23605367234849817, "coarsen": 0, "t_branch_bounds": 0.837883472442627, "Omax": 768, "t_conv": 0.05065417289733887, "t_level": 0.8956577777862549}
{"level": 30, "e": 6, "median_bin": 167, "atom": 1.6944269631835596e-07, "phi_upper": 0.23311299052221193, "coarsen": 0, "t_branch_bounds": 0.8166379928588867, "Omax": 768, "t_conv": 0.0494842529296875, "t_level": 0.8731918334960938}
{"level": 40, "e": 6, "median_bin": 170, "atom": 1.5768072714195114e-07, "phi_upper": 0.22859011755400985, "coarsen": 0, "t_branch_bounds": 0.858752965927124, "Omax": 768, "t_conv": 0.05145406723022461, "t_level": 0.9252405166625977}
{"level": 50, "e": 6, "median_bin": 176, "atom": 1.412454082583281e-07, "phi_upper": 0.2217916645188777, "coarsen": 0, "t_branch_bounds": 0.8633387088775635, "Omax": 768, "t_conv": 0.05159473419189453, "t_level": 0.9291660785675049}
{"level": 60, "e": 6, "median_bin": 185, "atom": 1.1983337344645406e-07, "phi_upper": 0.2119131981760017, "coarsen": 0, "t_branch_bounds": 0.9407992362976074, "Omax": 768, "t_conv": 0.05363821983337402, "t_level": 1.0303468704223633}
{"level": 70, "e": 6, "median_bin": 200, "atom": 9.450916493847217e-08, "phi_upper": 0.1982310704894565, "coarsen": 0, "t_branch_bounds": 1.006080150604248, "Omax": 768, "t_conv": 0.05501508712768555, "t_level": 1.1144969463348389}
{"level": 80, "e": 6, "median_bin": 221, "atom": 6.80737635150308e-08, "phi_upper": 0.18045337512488396, "coarsen": 0, "t_branch_bounds": 1.1133813858032227, "Omax": 768, "t_conv": 0.05869770050048828, "t_level": 1.221118450164795}
{"level": 90, "e": 6, "median_bin": 253, "atom": 4.427428734743444e-08, "phi_upper": 0.15910286105355168, "coarsen": 0, "t_branch_bounds": 1.2780253887176514, "Omax": 768, "t_conv": 0.06571555137634277, "t_level": 1.4069719314575195}
{"level": 100, "e": 5, "median_bin": 149, "atom": 2.034578621135097e-07, "phi_upper": 0.1366282030614984, "coarsen": 0, "t_branch_bounds": 0.3946373462677002, "Omax": 384, "t_conv": 0.046502113342285156, "t_level": 0.4804353713989258}
{"level": 110, "e": 5, "median_bin": 177, "atom": 1.184507247842248e-07, "phi_upper": 0.11554791360042391, "coarsen": 0, "t_branch_bounds": 0.4753599166870117, "Omax": 384, "t_conv": 0.05146646499633789, "t_level": 0.5926010608673096}
{"level": 120, "e": 5, "median_bin": 217, "atom": 6.36597476955103e-08, "phi_upper": 0.09501762615585808, "coarsen": 0, "t_branch_bounds": 0.5761568546295166, "Omax": 384, "t_conv": 0.05884528160095215, "t_level": 0.7133395671844482}
{"level": 130, "e": 5, "median_bin": 271, "atom": 3.207260590443184e-08, "phi_upper": 0.07632314386839066, "coarsen": 0, "t_branch_bounds": 0.7199745178222656, "Omax": 384, "t_conv": 0.07015514373779297, "t_level": 0.9003500938415527}
{"level": 140, "e": 4, "median_bin": 169, "atom": 1.2776715507811787e-07, "phi_upper": 0.061422021382748916, "coarsen": 0, "t_branch_bounds": 0.23649835586547852, "Omax": 192, "t_conv": 0.05046272277832031, "t_level": 0.36162686347961426}
{"level": 150, "e": 4, "median_bin": 212, "atom": 6.346040493099281e-08, "phi_upper": 0.04882517296925828, "coarsen": 0, "t_branch_bounds": 0.29686808586120605, "Omax": 192, "t_conv": 0.05680680274963379, "t_level": 0.4483926296234131}
{"level": 160, "e": 4, "median_bin": 271, "atom": 3.035968276776657e-08, "phi_upper": 0.03829381653143293, "coarsen": 0, "t_branch_bounds": 0.37674498558044434, "Omax": 192, "t_conv": 0.07016658782958984, "t_level": 0.5653715133666992}
{"level": 170, "e": 3, "median_bin": 171, "atom": 1.1821429168890063e-07, "phi_upper": 0.030342842546872213, "coarsen": 0, "t_branch_bounds": 0.12516403198242188, "Omax": 96, "t_conv": 0.05120348930358887, "t_level": 0.24801969528198242}
{"level": 180, "e": 3, "median_bin": 217, "atom": 5.7478374060337956e-08, "phi_upper": 0.023867600676443584, "coarsen": 0, "t_branch_bounds": 0.1584484577178955, "Omax": 96, "t_conv": 0.058992862701416016, "t_level": 0.3136112689971924}
{"level": 190, "e": 3, "median_bin": 279, "atom": 2.71439937193918e-08, "phi_upper": 0.018589804317475114, "coarsen": 0, "t_branch_bounds": 0.19875097274780273, "Omax": 96, "t_conv": 0.07120323181152344, "t_level": 0.40767908096313477}
{"level": 200, "e": 2, "median_bin": 177, "atom": 1.0611292822204632e-07, "phi_upper": 0.014699005610878656, "coarsen": 0, "t_branch_bounds": 0.06770801544189453, "Omax": 48, "t_conv": 0.051865577697753906, "t_level": 0.20177531242370605}
{"level": 210, "e": 2, "median_bin": 225, "atom": 5.12384303874569e-08, "phi_upper": 0.01152286279063239, "coarsen": 0, "t_branch_bounds": 0.08495736122131348, "Omax": 48, "t_conv": 0.06012105941772461, "t_level": 0.2343435287475586}
{"level": 220, "e": 2, "median_bin": 289, "atom": 2.4086368455300544e-08, "phi_upper": 0.008953692334340277, "coarsen": 1, "t_branch_bounds": 0.03211522102355957, "Omax": 24, "t_conv": 0.04577231407165527, "t_level": 0.19519472122192383}
{"level": 230, "e": 1, "median_bin": 183, "atom": 9.466707240335381e-08, "phi_upper": 0.007082563576283798, "coarsen": 0, "t_branch_bounds": 0.03856825828552246, "Omax": 24, "t_conv": 0.05444025993347168, "t_level": 0.16533970832824707}
{"level": 240, "e": 1, "median_bin": 234, "atom": 4.550305376938013e-08, "phi_upper": 0.005542191009559375, "coarsen": 0, "t_branch_bounds": 0.04795527458190918, "Omax": 24, "t_conv": 0.062403202056884766, "t_level": 0.23130559921264648}
{"level": 250, "e": 0, "median_bin": 150, "atom": 1.718414139872948e-07, "phi_upper": 0.00432587945684624, "coarsen": 0, "t_branch_bounds": 0.020631074905395508, "Omax": 12, "t_conv": 0.04607844352722168, "t_level": 0.1379075050354004}
{"level": 251, "e": 0, "median_bin": 153, "atom": 1.6040499772884687e-07, "phi_upper": 0.004226896301564637, "entry_margin": -0.001455786017743867}
{
 "n": 3,
 "beta": "15/4",
 "verdict": "ALL CHECKS PASSED",
 "constants": {
  "S_upper_ceil": "2.78471e+1",
  "kappa_Q_floor": "9.81490e-200",
  "log10_kappa_Q_floor": "-199.009",
  "kappa_C_floor": "5.96304e-156",
  "log10_kappa_C_floor": "-155.225",
  "EQ2_lower_floor": "9.63322e-399",
  "log10_EQ2_lower_floor": "-398.017",
  "imbalance_lower_floor": "3.55578e-311",
  "log10_imbalance_lower_floor": "-310.450",
  "j_first_T_below_half": 254,
  "j_first_T_below_one": 198,
  "j_max_summed": 273,
  "T_upper_first10": [
   "2.78471e+1",
   "2.76092e+1",
   "2.73705e+1",
   "2.71316e+1",
   "2.68928e+1",
   "2.66541e+1",
   "2.64155e+1",
   "2.61770e+1",
   "2.59386e+1",
   "2.57004e+1"
  ],
  "phi_upper_first10": [
   "2.37982e-1",
   "2.38697e-1",
   "2.38865e-1",
   "2.38814e-1",
   "2.38716e-1",
   "2.38602e-1",
   "2.38482e-1",
   "2.38355e-1",
   "2.38222e-1",
   "2.38083e-1"
  ],
  "family_tail_coeffs_upper": {
   "a1": "2.20786e+0",
   "a2": "3.20544e+0"
  },
  "f_c": "15307083823375/17592186044416",
  "time_s": 0.00629425048828125
 },
 "cost": {
  "wall_s": 184.9806833267212,
  "peak_rss_MB": 39.82421875
 }
}
