run_all.sh: Python 3.12.3 on Linux, JOBS=6, OUT=out
[manifest_partI] exit 0, 0 s: partI/inputs/SHA256SUMS.txt: 55/55 OK
[manifest_partII] exit 0, 0 s: partII/inputs/SHA256SUMS.txt: 10/10 OK
[partI_check] exit 0, 4 s: ALL PART I CHECKS PASSED (55 certificates, 3.8s)
[partI_selftest] exit 0, 0 s: PART I SELFTEST PASSED
[partII_family_n3] exit 0, 0 s: {"n": 3, "verdict": "ALL FAMILY CHECKS PASSED", "C2_min_margin_over_eps0_float": 0.49130575855313907, "non_stdlib_modules_loaded": [], "cost": {"wall_s": 0.22454214096069336, "peak_rss_MB": 19.6796875}}
[partII_family_n4] exit 0, 1 s: {"n": 4, "verdict": "ALL FAMILY CHECKS PASSED", "C2_min_margin_over_eps0_float": 0.2844932147416301, "non_stdlib_modules_loaded": [], "cost": {"wall_s": 0.2934684753417969, "peak_rss_MB": 19.5703125}}
[partII_family_n5] exit 0, 0 s: {"n": 5, "verdict": "ALL FAMILY CHECKS PASSED", "C2_min_margin_over_eps0_float": 0.4270186367730446, "non_stdlib_modules_loaded": [], "cost": {"wall_s": 0.38875603675842285, "peak_rss_MB": 19.86328125}}
[partII_family_n7] exit 0, 1 s: {"n": 7, "verdict": "ALL FAMILY CHECKS PASSED", "C2_min_margin_over_eps0_float": 0.5103331925527108, "non_stdlib_modules_loaded": [], "cost": {"wall_s": 0.5631234645843506, "peak_rss_MB": 20.80078125}}
[partII_family_n8] exit 0, 0 s: {"n": 8, "verdict": "ALL FAMILY CHECKS PASSED", "C2_min_margin_over_eps0_float": 0.27226951324977816, "non_stdlib_modules_loaded": [], "cost": {"wall_s": 0.6636953353881836, "peak_rss_MB": 21.2265625}}
[partII_selftest] exit 0, 4 s: PART II STDLIB SELFTEST PASSED
[partII_check_n3] ALL CHECKS PASSED: "wall_s": 184.9806833267212
[partII_check_n4] ALL CHECKS PASSED: "wall_s": 65.32765793800354
[partII_check_n5] ALL CHECKS PASSED: "wall_s": 47.50809097290039
[partII_check_n7] ALL CHECKS PASSED: "wall_s": 41.77735137939453
[partII_check_n8] ALL CHECKS PASSED: "wall_s": 39.16818046569824
[partII_points] 185 s wall for the five points with JOBS=6
[controls] exit 0, 36 s: 46 controls, 0 unexpected outcomes (35.7 s)
[tables] exit 0, 0 s: wrote partI_thresholds.tex, partI_oneshot.tex, partII_points.tex, table_sources.md to out/tables (97 numbers)
ALL VERIFICATIONS PASSED
